[app.brancher.ai/9dd5e36b-d972-47dc-9c80-2fb22fd0f500.html]
[app.brancher.ai/_next/static/media/3534416bbfdcc9be-s.p.woff2]
[app.brancher.ai/static/branding/logo-on-dark.svg]
[app.brancher.ai/static/branding/square-or-circular-avatar.png]
[app.brancher.ai/_next/static/css/2011f910b624ab56.css]
[app.brancher.ai/_next/static/css/6d2afdb868033c90.css]
[app.brancher.ai/_next/static/chunks/webpack-1fed48f619f7ba38.js]
[app.brancher.ai/_next/static/chunks/main-app-9d29112874f4942d.js]
[app.brancher.ai/_next/static/chunks/4938-3c4c8a46f7f34cd3.js]
[app.brancher.ai/_next/static/chunks/1651-20353855060cdb3f.js]
[app.brancher.ai/_next/static/chunks/5935-0fdf77df432eccc0.js]
[app.brancher.ai/_next/static/chunks/app/layout-2826ec30f4961173.js]
[app.brancher.ai/_next/static/chunks/4105-9d8fbad0bc86da71.js]
[app.brancher.ai/_next/static/chunks/8251-027a842a4b29a20a.js]
[app.brancher.ai/_next/static/chunks/713-61b9756c92ad84a6.js]
[app.brancher.ai/_next/static/chunks/fd9d1056-9afc25929b74af77.js]
[app.brancher.ai/_next/static/chunks/7335-a67bffbc47f7780d.js]
[app.brancher.ai/_next/static/chunks/5355-992c9daf08c7ead6.js]
[app.brancher.ai/_next/static/chunks/9017-6e0f008a7bc72e3d.js]
[app.brancher.ai/_next/static/chunks/9220-7dc59bd055e2e4f9.js]
[app.brancher.ai/_next/static/chunks/7785-d6c0909cc16b569e.js]
[app.brancher.ai/_next/static/chunks/8329-127bc7296a695b1f.js]
[app.brancher.ai/_next/static/chunks/1910-cb4efdbe9337d8fe.js]
[app.brancher.ai/_next/static/chunks/1559-3f590f4b5859789e.js]
[app.brancher.ai/_next/static/chunks/5912-232d9712af61516c.js]
[app.brancher.ai/_next/static/chunks/9340-bdc13ffd5f7b6558.js]
[app.brancher.ai/apple-touch-icon.png]
[app.brancher.ai/favicon-32x32.png]
[app.brancher.ai/favicon-16x16.png]
[app.brancher.ai/_next/static/chunks/app/(public)/[slug]/page-e54c2f34ed7b12ae.js]
[app.brancher.ai/_next/static/chunks/6496-16f8d55cf9911ee8.js]
[app.brancher.ai/site.webmanifest]
[backblue.gif]
[fade.gif]
[index.html]
[app.brancher.ai/safari-pinned-tab.svg]
[app.brancher.ai/9dd5e36b-d972-47dc-9c80-2fb22fd0f500.html]
[app.brancher.ai/static/branding/square-or-circular-avatar.svg]
[app.brancher.ai/static/branding/logo-on-dark.svg]
[app.brancher.ai/_next/static/media/78187650dd6b50b3-s.woff2]
[app.brancher.ai/_next/static/media/4529092560591ab4-s.woff2]
[app.brancher.ai/_next/static/chunks/polyfills-c67a75d1b6f99dc8.js]
[app.brancher.ai/_next/static/media/b8222d26e20b2e06-s.woff2]
[app.brancher.ai/user/yaNDQ1aSLLgz.html]
[app.brancher.ai/_next/static/media/008f2e8b4aae291f-s.woff2]
[app.brancher.ai/_next/static/media/3c46462b57ac880e-s.woff2]
[app.brancher.ai/_next/static/css/6d2afdb868033c90.css]
[app.brancher.ai/_next/static/css/2011f910b624ab56.css]
[app.brancher.ai/safari-pinned-tab.svg]
[app.brancher.ai/_next/static/css/7c70179ec8ffbe1a.css]
[app.brancher.ai/_next/static/chunks/652-fa36f9f3c8c7b603.js]
[app.brancher.ai/_next/static/chunks/3680-d006857a9fb8dafd.js]
[app.brancher.ai/user/yaNDQ1aSLLgz.html]
[app.brancher.ai/_next/static/css/7c70179ec8ffbe1a.css]
[app.brancher.ai/_next/static/chunks/app/(public)/user/[slug]/page-9b6f3a3c8905ee74.js]
[app.brancher.ai/_next/static/chunks/6587-8f94884a117229c2.js]
